npm warn deprecated whatwg-encoding@3.1.1: Use @exodus/bytes instead for a more spec-conformant and faster implementation
npm warn deprecated inflight@1.0.6: This module is not supported, and leaks memory. Do not use it. Check out lru-cache if you want a good and tested way to coalesce async requests by a key value, which is much more comprehensive and powerful.
npm warn deprecated glob@7.2.3: Old versions of glob are not supported, and contain widely publicized security vulnerabilities, which have been fixed in the current version. Please update. Support for old versions may be purchased (at exorbitant rates) by contacting i@izs.me
npm warn deprecated uuid@8.3.2: uuid@10 and below is no longer supported.  For ESM codebases, update to uuid@latest.  For CommonJS codebases, use uuid@11 (but be aware this version will likely be deprecated in 2028).
npm warn deprecated glob@10.5.0: Old versions of glob are not supported, and contain widely publicized security vulnerabilities, which have been fixed in the current version. Please update. Support for old versions may be purchased (at exorbitant rates) by contacting i@izs.me

> postinstall
> npm run copy-tldts && npm run copy-lit


> copy-tldts
> cp -v node_modules/tldts-experimental/dist/index.esm.min.js lib/tldts/

'node_modules/tldts-experimental/dist/index.esm.min.js' -> 'lib/tldts/index.esm.min.js'

> copy-lit
> cp -v node_modules/@ajusa/lit/src/lit.css lib/lit/

'node_modules/@ajusa/lit/src/lit.css' -> 'lib/lit/lit.css'

added 653 packages, and audited 654 packages in 7s

145 packages are looking for funding
  run `npm fund` for details

13 vulnerabilities (6 moderate, 7 high)

To address issues that do not require attention, run:
  npm audit fix

To address all issues (including breaking changes), run:
  npm audit fix --force

Run `npm audit` for details.
